181853
181854
173870
176765
180654
180655
180656
180657
180658
180661
180663
180664
180666
180727
180728
180729
179845
180637
176751
156815
179740
179743
180751
180842
181823
181834
181837
179811
179864
179885
180765
180883
173814
176090
177088
177317
177428
179657
179659
179932
181412
172521
177382
177383
177384
179763
177083
177643
179665
180774
179168
179171
179664
179990
180789
177050
177274
177483
177484
178616
179164
180672
172496
172500
172775
173493
165244
168023
171067
162628
162630
163814
165313
165314
159464
162442
179153
179154
179781
179782
179783
179784
179833
179887
179888
179889
179890
179891
180421
180740
180966
180967
180969
181028
181441
181821
179150
177591
178652
178805
173464
174152
174272
177376
177377
178454
179260
179688
179759
179773
179920
179988
180638
180763
180764
180876
181407
174004
174274
174275
174990
176099
176103
176143
176736
177741
177771
177793
178452
177748
181991
172234
173753
176128
176129
176161
176176
177688
177640
177641
180601
174212
174217
174221
174225
177069
177071
177072
167613
171724
171726
171727
171728
173072
173074
173083
173621
173813
177472
179267
179770
179976
180861
174482
174974
174977
174979
176108
176165
176167
176168
177330
177336
177439
177743
177094
178690
178691
179893
179894
179895
179897
179899
179900
179901
179902
179906
179907
180854
180864
180865
180866
181998
157050
166252
166712
168393
168394
170040
172511
172513
172804
172805
173289
173301
173302
173303
173441
173625
173627
174137
174138
174142
177058
176773
177489
178458
179656
179658
179778
179780
180782
180838
180931
176368
177521
176147
176369
177352
178528
178717
178738
179806
179807
179875
180673
172687
173855
174157
174280
174282
174284
174291
174292
174293
174295
174298
174299
174300
174304
174307
174309
174310
174311
174312
176008
176014
176179
176207
176353
176356
176360
176367
177353
177354
177357
177359
177360
177361
177363
177735
177745
178468
178472
178473
178526
158951
158959
162649
165600
165601
168021
168309
168310
170138
170485
170491
171539
172331
172581
172582
172583
172584
172585
172586
172587
172588
172590
172591
172595
172686
172688
172689
172690
172691
172695
172696
172697
172698
172700
172702
172708
172709
172710
172711
172712
172714
172715
173085
173567
173577
173578
174143
174155
174160
174161
174166
174168
174170
176024
178772
178773
178832
179146
179148
179149
179226
179674
179839
179844
179846
179847
179850
179851
179853
179909
179910
179911
179966
180788
180851
180896
180947
180950
173780
174259
174262
174265
174982
175108
175111
176031
176032
176130
176131
176133
176180
176182
176183
176185
176229
176376
176378
176383
176392
177081
177082
177084
177162
177328
177756
177760
177767
174294
177423
177425
177427
177660
177777
178714
179720
179804
179805
179938
179951
179955
179956
179997
180002
180706
180850
180852
180916
180917
181400
181404
181405
181413
181504
173418
173426
173428
173603
173820
173822
173824
173831
174296
174316
176078
176352
177657
178640
173639
173809
176095
176097
176354
177351
177408
178427
178617
178710
178712
178732
179170
179655
179684
179685
179930
180870
180914
173619
176758
178460
179145
180648
180650
181376
173874
174141
176076
176201
177042
177043
177589
172355
172356
172357
172413
172716
173285
172398
172399
172400
179714
179716
179719
179721
179722
179723
179753
179754
179755
179756
179757
179774
179775
181423
172396
172397
177620
177251
177077
177281
177285
161800
171161
168029
162499
157290
157422
158970
161801
144408
176390
170904
176109
176157
177416
172310
172364
172456
175009
176132
175006
175128
177053
177054
174285
174289
175102
176013
176381
177615
177617
170910
171545
172318
172726
173311
173312
173313
173315
173829
173867
174261
174975
177639
174239
174264
174267
174269
174271
174970
176175
176756
176761
177594
177630
174236
176202
176793
176794
177109
177495
177499
177503
177800
174222
174183
174186
174232
177106
177329
177393
178428
174180
176045
176136
176394
177754
173840
176792
170302
146897
176162
177046
168333
173782
176753
173748
173750
175089
175091
175092
175117
157413
173568
173553
173518
169547
172630
169545
156398
173503
174266
175081
175107
175118
175119
175129
175130
176777
176780
176784
176785
176787
177051
177387
177415
177424
177504
177520
177681
177696
173489
174005
174007
174276
176006
176358
177276
177277
177284
177349
177481
177482
177485
177487
177584
177585
173388
173878
173883
173885
174301
174305
176107
176111
176126
176759
176760
176762
176764
176766
176768
176774
176813
177394
177395
177396
177397
177399
177400
177401
177402
177403
178420
178422
178424
178425
173770
176010
176152
176155
176374
176382
176389
176747
176749
177066
177130
177432
177611
170076
170907
171201
171296
172256
172462
173423
173424
173499
173317
173363
177113
173101
176205
177294
173091
172800
173647
175001
175073
176035
177368
177438
172787
173629
173631
174006
174008
174010
174013
172732
174223
174226
176077
177059
177062
177291
177582
177583
166113
172257
162482
166112
166114
166564
166565
166965
173435
173751
174258
175007
177510
170119
172661
173404
173812
176224
176230
176373
170067
174159
174163
174165
174167
174171
174174
174177
174270
174988
173410
172743
174022
174228
165721
175010
175011
163862
172336
172519
174164
175120
175124
176113
176222
176223
176225
176227
176236
176237
176239
176293
176363
177381
177500
177524
177602
177687
177761
177794
177795
162682
164234
171303
161550
162686
166694
171286
164351
169800
169802
169807
172790
172792
173089
173307
166703
171200
166235
165352
170906
171490
172467
172469
172471
172474
172476
172479
172480
172481
172482
172483
172484
172485
172604
172768
173429
173430
173431
173433
173519
173581
173582
173583
173602
174182
166129
166130
166856
166861
166955
166958
169563
169564
169567
161543
165072
165751
159449
115729
115730
152224
145391
